{"synthetic": false,
 "schemaVersion": "2025-09-10",
 "outputs":
 {"o": ["bb2d2203a211090f.olean"],
  "m": false,
  "i": "25157b784354de8d.ilean",
  "c": "9becdc846d5530f7.c"},
 "log":
 [{"message":
   ".> LEAN_PATH=/home/sagueni/Documents/Lagrange-Formalization-Lean/.lake/packages/Cli/.lake/build/lib/lean:/home/sagueni/Documents/Lagrange-Formalization-Lean/.lake/packages/batteries/.lake/build/lib/lean:/home/sagueni/Documents/Lagrange-Formalization-Lean/.lake/packages/Qq/.lake/build/lib/lean:/home/sagueni/Documents/Lagrange-Formalization-Lean/.lake/packages/aesop/.lake/build/lib/lean:/home/sagueni/Documents/Lagrange-Formalization-Lean/.lake/packages/proofwidgets/.lake/build/lib/lean:/home/sagueni/Documents/Lagrange-Formalization-Lean/.lake/packages/importGraph/.lake/build/lib/lean:/home/sagueni/Documents/Lagrange-Formalization-Lean/.lake/packages/LeanSearchClient/.lake/build/lib/lean:/home/sagueni/Documents/Lagrange-Formalization-Lean/.lake/packages/plausible/.lake/build/lib/lean:/home/sagueni/Documents/Lagrange-Formalization-Lean/.lake/packages/mathlib/.lake/build/lib/lean:/home/sagueni/Documents/Lagrange-Formalization-Lean/.lake/build/lib/lean /home/sagueni/.elan/toolchains/leanprover--lean4---v4.34.0-rc1/bin/lean /home/sagueni/Documents/Lagrange-Formalization-Lean/Lagrange.lean -o /home/sagueni/Documents/Lagrange-Formalization-Lean/.lake/build/lib/lean/Lagrange.olean -i /home/sagueni/Documents/Lagrange-Formalization-Lean/.lake/build/lib/lean/Lagrange.ilean -c /home/sagueni/Documents/Lagrange-Formalization-Lean/.lake/build/ir/Lagrange.c --setup /home/sagueni/Documents/Lagrange-Formalization-Lean/.lake/build/ir/Lagrange.setup.json --json",
   "level": "trace"}],
 "inputs":
 [["deps",
   [["lagrange/Lagrange:extraDep",
     [["@lagrange:extraDep", "00000000000006bb"]]],
    ["imports", "00000000000006bb"]]],
  ["libs",
   [["import dynlibs", "00000000000006bb"],
    ["package external libraries", "00000000000006bb"],
    ["module dynlibs", "00000000000006bb"],
    ["module plugins", "00000000000006bb"]]],
  ["Lean 4.34.0, commit 3447a668783dbce1a8fdb97101dd067687b2b418",
   "421484e3e0c70198"],
  ["/home/sagueni/Documents/Lagrange-Formalization-Lean/Lagrange.lean",
   "21c42906adea99f5"],
  ["options",
   [["-Dpp.unicode.fun=true", "9b94070140457fab"],
    ["-DautoImplicit=false", "4a85acb881fd49d0"]]],
  ["isModule: false", "feefd2a0d3a1847e"],
  ["Module.name: Lagrange", "8bf8c7ed62857417"],
  ["Package.id?: (some lagrange)", "116adcdcc88ea471"],
  ["Module.leanArgs: #[]", "00000000000006bb"]],
 "depHash": "442a213acd9ccfb8"}